C51 COMPILER V9.60.7.0   STC12_DELAY                                                       01/30/2023 23:19:02 PAGE 1   


C51 COMPILER V9.60.7.0, COMPILATION OF MODULE STC12_DELAY
OBJECT MODULE PLACED IN .\Objects\STC12_DELAY.obj
COMPILER INVOKED BY: E:\Keil5\C51\BIN\C51.EXE Library\STC12_DELAY.c LARGE OPTIMIZE(8,SPEED) BROWSE INCDIR(.\HardWare;.\U
                    -ser;.\Library;.\Library) DEBUG OBJECTEXTEND PRINT(.\Listings\STC12_DELAY.lst) OBJECT(.\Objects\STC12_DELAY.obj)

line level    source

   1          #include "STC12_DELAY.h"
   2          
   3          #if (SYS_CLK == 24000000)
   4          
   5          /****
   6                  @brief      —”≥Ÿ1Œ¢√Î
   7                  @param          Œﬁ      
   8                  @return     Œﬁ          
   9                  Sample usage:  Delay1us(); —”≥Ÿ1us
  10          ****/
  11          void Delay1us()         
  12          {
  13   1          uint8_t i;
  14   1              i = 3;
  15   1              while (--i);
  16   1      }
  17          
  18          /****
  19                  @brief      —”≥Ÿ5Œ¢√Î
  20                  @param          Œﬁ      
  21                  @return     Œﬁ          
  22                  Sample usage:  Delay5us(); —”≥Ÿ5us
  23          ****/
  24          void Delay5us() 
  25          {
  26   1              uint8_t i;
  27   1              i = 27;
  28   1              while (--i);
  29   1      }
  30          
  31          /****
  32                  @brief      —”≥Ÿ10Œ¢√Î
  33                  @param          Œﬁ      
  34                  @return     Œﬁ          
  35                  Sample usage:  Delay10us(); —”≥Ÿ10us
  36          ****/
  37          void Delay10us()        
  38          {
  39   1              uint8_t i;
  40   1              i = 57;
  41   1              while (--i);
  42   1      }
  43          
  44          /****
  45                  @brief      —”≥Ÿ15Œ¢√Î
  46                  @param          Œﬁ      
  47                  @return     Œﬁ          
  48                  Sample usage:  Delay15us(); —”≥Ÿ15us
  49          ****/
  50          void Delay15us()                
  51          {
  52   1              uint8_t i;
  53   1              _nop_();
  54   1              _nop_();
C51 COMPILER V9.60.7.0   STC12_DELAY                                                       01/30/2023 23:19:02 PAGE 2   

  55   1              i = 38;
  56   1              while (--i);
  57   1      }
  58          
  59          /****
  60                  @brief      —”≥Ÿ50Œ¢√Î
  61                  @param          Œﬁ      
  62                  @return     Œﬁ          
  63                  Sample usage:  Delay50us(); —”≥Ÿ50us
  64          ****/
  65          void Delay50us()                
  66          {
  67   1              uint8_t i;
  68   1              uint8_t j;
  69   1          _nop_();
  70   1          _nop_();
  71   1              i = 2;
  72   1              j = 38;
  73   1              do
  74   1              {
  75   2                      while (--j);
  76   2              } while (--i);
  77   1      }
  78          
  79          /****
  80                  @brief      —”≥Ÿ100Œ¢√Î
  81                  @param          Œﬁ      
  82                  @return     Œﬁ          
  83                  Sample usage:  Delay100us(); —”≥Ÿ100us
  84          ****/
  85          void Delay100us()       
  86          {
  87   1              uint8_t i;
  88   1              uint8_t j;
  89   1          _nop_();
  90   1          _nop_();
  91   1              i = 3;
  92   1              j = 81;
  93   1              do
  94   1              {
  95   2                      while (--j);
  96   2              } while (--i);
  97   1      }
  98          
  99          /****
 100                  @brief      —”≥Ÿ1∫¡√Î
 101                  @param          Œﬁ      
 102                  @return     Œﬁ          
 103                  Sample usage:  Delay1ms(); —”≥Ÿ1ms
 104          ****/
 105          void Delay1ms()
 106          {
 107   1              uint8_t i;
 108   1              uint8_t j;
 109   1          _nop_();
 110   1          _nop_();
 111   1              i = 24;
 112   1              j = 84;
 113   1              do
 114   1              {
 115   2                      while (--j);
 116   2              } while (--i);
C51 COMPILER V9.60.7.0   STC12_DELAY                                                       01/30/2023 23:19:02 PAGE 3   

 117   1      }
 118          
 119          #elif (SYS_CLK == 12000000)             //12MHz
              
              /****
                      @brief      —”≥Ÿ1Œ¢√Î
                      @param          Œﬁ      
                      @return     Œﬁ          
                      Sample usage:  Delay1us(); —”≥Ÿ1us
              ****/
              void Delay1us()         //@12.000
              {
                      _nop_();
                  _nop_();
              }
              
              /****
                      @brief      —”≥Ÿ5Œ¢√Î
                      @param          Œﬁ      
                      @return     Œﬁ          
                      Sample usage:  Delay5us(); —”≥Ÿ5us
              ****/
              void Delay5us()         //@12.000
              {
                      uint8_t i;
                      i = 12;
                      while (--i);
              }
              
              /****
                      @brief      —”≥Ÿ10Œ¢√Î
                      @param          Œﬁ      
                      @return     Œﬁ          
                      Sample usage:  Delay10us(); —”≥Ÿ10us
              ****/
              void Delay10us()                
              {
                      uint8_t i;
                      i = 27;
                      while (--i);
              }
              
              /****
                      @brief      —”≥Ÿ15Œ¢√Î
                      @param          Œﬁ      
                      @return     Œﬁ          
                      Sample usage:  Delay15us(); —”≥Ÿ15us
              ****/
              void Delay15us()                
              {
                      uint8_t i;
                      _nop_();
                      _nop_();
                      i = 38;
                      while (--i);
              }
              
              /****
                      @brief      —”≥Ÿ50Œ¢√Î
                      @param          Œﬁ      
                      @return     Œﬁ          
                      Sample usage:  Delay100us(); —”≥Ÿ50us
C51 COMPILER V9.60.7.0   STC12_DELAY                                                       01/30/2023 23:19:02 PAGE 4   

              ****/
              void Delay50us()                
              {
                      uint8_t i;
                      uint8_t j;
                  _nop_();
                  _nop_();
                      i = 1;
                      j = 145;
                      do
                      {
                              while (--j);
                      }while (--i);
              }
              
              /****
                      @brief      —”≥Ÿ100Œ¢√Î
                      @param          Œﬁ      
                      @return     Œﬁ          
                      Sample usage:  Delay100us(); —”≥Ÿ100us
              ****/
              void Delay100us()               
              {
                      uint8_t i;
                      uint8_t j;
                  _nop_();
                  _nop_();
                      i = 2;
                      j = 38;
                      do
                      {
                              while (--j);
                      } while (--i);
              }
              
              /****
                      @brief      —”≥Ÿ1∫¡√Î
                      @param          Œﬁ      
                      @return     Œﬁ          
                      Sample usage:  Delay1ms(); —”≥Ÿ1ms
              ****/
              void Delay1ms() 
              {
                      uint8_t i;
                      uint8_t j;
                  _nop_();
                  _nop_();
                      i = 12;
                      j = 168;
                      do
                      {
                              while (--j);
                      } while (--i);
              }
              
              #else //11059200MHz
              
              /****
                      @brief      —”≥Ÿ1Œ¢√Î
                      @param          Œﬁ      
                      @return     Œﬁ          
                      Sample usage: Delay1us(); —”≥Ÿ1us
C51 COMPILER V9.60.7.0   STC12_DELAY                                                       01/30/2023 23:19:02 PAGE 5   

              ****/
              void Delay1us()         
              {
                      _nop_();
              }
              
              /****
                      @brief      —”≥Ÿ5Œ¢√Î
                      @param          Œﬁ      
                      @return     Œﬁ          
                      Sample usage:  Delay5us(); —”≥Ÿ5us
              ****/
              void Delay5us() 
              {
                      uint8_t i;
                      _nop_();
                      _nop_();
                  _nop_();
                      i = 10;
                      while (--i);
              }
              
              /****
                      @brief      —”≥Ÿ10Œ¢√Î
                      @param          Œﬁ      
                      @return     Œﬁ          
                      Sample usage:  Delay10us(); —”≥Ÿ10us
              ****/
              void Delay10us()                
              {
                      uint8_t i;
                      _nop_();
                      _nop_();
                  _nop_();
                      i = 24;
                      while (--i);
              }
              
              /****
                      @brief      —”≥Ÿ15Œ¢√Î
                      @param          Œﬁ      
                      @return     Œﬁ          
                      Sample usage:  Delay15us(); —”≥Ÿ15us
              ****/
              void Delay15us()                
              {
                      uint8_t i;
                      _nop_();
                      _nop_();
                      i = 38;
                      while (--i);
              }
              
              /****
                      @brief      —”≥Ÿ50Œ¢√Î
                      @param          Œﬁ      
                      @return     Œﬁ          
                      Sample usage:  Delay100us(); —”≥Ÿ50us
              ****/
              void Delay50us()        
              {
                      uint8_t i;
C51 COMPILER V9.60.7.0   STC12_DELAY                                                       01/30/2023 23:19:02 PAGE 6   

                      uint8_t j;
                  _nop_();
                  _nop_();
                  _nop_();
                      i = 1;
                      j = 133;
                      do
                      {
                              while (--j);
                      } while (--i);
              }
              
              /****
                      @brief      —”≥Ÿ100Œ¢√Î
                      @param          Œﬁ      
                      @return     Œﬁ          
                      Sample usage:  Delay100us(); —”≥Ÿ100us
              ****/
              void Delay100us()               
              {
                      uint8_t i;
                      uint8_t j;
                      i = 2;
                      j = 15;
                      do
                      {
                              while (--j);
                      }while (--i);
              }
              
              /****
                      @brief      —”≥Ÿ1∫¡√Î
                      @param          Œﬁ      
                      @return     Œﬁ          
                      Sample usage:  Delay1ms(); —”≥Ÿ1ms
              ****/
              void Delay1ms()
              {
                      uint8_t i;
                      uint8_t j;
                      _nop_();
                      i = 11;
                      j = 190;
                      do
                      {
                              while (--j);
                      }while(--i);
              }
              
              #endif
 353          
 354          /****
 355                  @brief      —”≥Ÿtime∫¡√Î
 356                  @param          time    —”≥Ÿ ±º‰(1-65535)       
 357                  @return     Œﬁ          
 358                  Sample usage:  Delay(1000); —”≥Ÿ1s
 359          ****/
 360          void Delay(uint16_t time)
 361          {
 362   1              if(time < 1)
 363   1              {
 364   2                      time = 1;
C51 COMPILER V9.60.7.0   STC12_DELAY                                                       01/30/2023 23:19:02 PAGE 7   

 365   2              }       
 366   1              do 
 367   1              { 
 368   2                      Delay1ms();
 369   2              }while (--time);
 370   1      }
 371          


MODULE INFORMATION:   STATIC OVERLAYABLE
   CODE SIZE        =     85    ----
   CONSTANT SIZE    =   ----    ----
   XDATA SIZE       =   ----    ----
   PDATA SIZE       =   ----    ----
   DATA SIZE        =   ----    ----
   IDATA SIZE       =   ----    ----
   BIT SIZE         =   ----    ----
END OF MODULE INFORMATION.


C51 COMPILATION COMPLETE.  0 WARNING(S),  0 ERROR(S)
